Loading CIFAR-10 dataset...
Training on 2000 samples, testing on 1000 samples, batch_size=50

Starting training for 50 epochs (2000 steps)...
avg loss fell from epoch 10 to epoch 50: true

Evaluating on 1000 test samples...
Test loss below 2.3: true
Test accuracy above 15%: true

Training complete!
