Retrieving commandline, environment, or config file variable ocannl_log_level
Found 0, in the config file
Generating 160 circle counting images (3 classes)...
Dataset generated: images shape [160; 16; 16; 1], labels shape [160; 1]

Starting training for 1000 epochs (5000 steps)...
Epoch 10: avg loss = 1.1
Epoch 20: avg loss = 1.0
Epoch 30: avg loss = 1.0
Epoch 40: avg loss = 1.0
Epoch 50: avg loss = 1.0
Epoch 60: avg loss = 1.0
Epoch 70: avg loss = 1.0
Epoch 80: avg loss = 1.0
Epoch 90: avg loss = 1.0
Epoch 100: avg loss = 1.0
Epoch 900: avg loss = 0.3
Epoch 910: avg loss = 0.3
Epoch 920: avg loss = 0.3
Epoch 930: avg loss = 0.3
Epoch 940: avg loss = 0.3
Epoch 950: avg loss = 0.3
Epoch 960: avg loss = 0.3
Epoch 970: avg loss = 0.3
Epoch 980: avg loss = 0.3
Epoch 990: avg loss = 0.3
Epoch 1000: avg loss = 0.3
Final avg loss below threshold=true

Training complete!
