lr at steps [0 2 4 5 10 15 19 20 24 30] (base 1.0, warmup 5, total 25, final_frac 0.1):
constant 2.0000e-1 6.0000e-1 1.0000 1.0000 1.0000 1.0000 1.0000 1.0000 1.0000 1.0000
cosine   2.0000e-1 6.0000e-1 1.0000 1.0000 8.6819e-1 5.5000e-1 2.8549e-1 2.3180e-1 1.0554e-1 1.0000e-1
linear   2.0000e-1 6.0000e-1 1.0000 1.0000 7.7500e-1 5.5000e-1 3.7000e-1 3.2500e-1 1.4500e-1 1.0000e-1
wsd      2.0000e-1 6.0000e-1 1.0000 1.0000 1.0000 1.0000 1.0000 1.0000 1.9501e-1 1.0000e-1
warmup applies to every kind, constant included: true
constant holds base_lr after warmup: true
warmup starts at base_lr/warmup_steps: true
warmup reaches base_lr on its last step: true
cosine reaches final_frac * base_lr past total_steps: true
linear reaches final_frac * base_lr past total_steps: true
wsd holds base_lr between warmup and the decay point: true
wsd decays below base_lr after the decay point: true
cosine decay is nonincreasing: true
the total_steps clamp outranks a longer warmup: true
a negative max_norm is rejected (it would reverse gradients): true
gradient norm exceeds max_norm (clipping engaged): true
device grad_norm matches host norm over unclipped buffers: PASS
device grad_scale is min(1, max_norm/norm): PASS
clipped sgd step matches host oracle (step 0): PASS
scheduled lr differs between the probed steps: true
clipped sgd step matches host oracle at the rescheduled lr (step 8): PASS
second micro-step changed the accumulated gradients: true
accumulated micro-batch gradients match the single big-batch gradients: PASS
post-sgd parameters match between accumulation and big batch: PASS
a frozen parameter does not reject the accumulating grad_update: true
the frozen model's micro-steps move the trainable gradient: true
the trainable gradient accumulates the same as the big batch: PASS
z-score is nan while the window fills: true
ordinary z: 7.071e-1, spike z: 1.215e+2
an in-family value scores |z| < 1: true
a spike scores z > 10 (no self-dilution): true
a nan sample scores infinite (skip-forcing): true
the window survives a nan sample (later scores stay finite): true
a large-offset window keeps a finite variance (no cancellation): true
a spike off a constant baseline scores +infinity: true
a recorded huge spike does not overflow the variance (second spike scores sqrt 3): true
a maxed-out window still scores (no nan from mean overflow): true
