Retrieving commandline, environment, or config file variable ocannl_log_level
Found 0, in the config file
Names loaded: 32033
train/dev/test examples (after batch truncation): 182000/22000/22000
Epoch 0, mean train loss=2.6295 below 5=true
Epoch 1, mean train loss=2.3820 below 3=true
Epoch 2, mean train loss=2.3425 below 3=true
Epoch 3, mean train loss=2.3208 below 3=true
Epoch 4, mean train loss=2.3063 below 3=true
Epoch 5, mean train loss=2.2955 below 2.8=true
Epoch 6, mean train loss=2.2870 below 2.8=true
Epoch 7, mean train loss=2.2799 below 2.8=true
Epoch 8, mean train loss=2.2740 below 2.8=true
Epoch 9, mean train loss=2.2688 below 2.8=true
Epoch 10, mean train loss=2.2644 below 2.8=true
Epoch 11, mean train loss=2.2605 below 2.8=true
Epoch 12, mean train loss=2.2571 below 2.8=true
Epoch 13, mean train loss=2.2541 below 2.8=true
Epoch 14, mean train loss=2.2515 below 2.8=true
Final train loss=2.2486 train_below=true
Final dev   loss=2.2513 dev_below=true
Final test  loss=2.2566 test_below=true
eyeamartlmegyeatddaa
iaaayyareyoftznbayae
laysaaraolilvklxaiau
