Retrieving commandline, environment, or config file variable ocannl_log_level
Found 0, in the config file
Names loaded: 32033
train/dev/test examples (after batch truncation): 182000/22000/22000
Epoch 0, mean train loss=2.8526 below 4=true
Epoch 1, mean train loss=2.7305 below 3=true
Epoch 2, mean train loss=2.7410 below 3=true
Epoch 3, mean train loss=2.7230 below 3=true
Epoch 4, mean train loss=2.7238 below 3=true
Epoch 5, mean train loss=2.7198 below 2.8=true
Epoch 6, mean train loss=2.7145 below 2.8=true
Epoch 7, mean train loss=2.7142 below 2.8=true
Epoch 8, mean train loss=2.7225 below 2.8=true
Epoch 9, mean train loss=2.7200 below 2.8=true
Epoch 10, mean train loss=2.7184 below 2.8=true
Epoch 11, mean train loss=2.7181 below 2.8=true
Epoch 12, mean train loss=2.7142 below 2.8=true
Epoch 13, mean train loss=2.7115 below 2.8=true
Epoch 14, mean train loss=2.7089 below 2.8=true
Final train loss=2.7069 train_below=true
Final dev   loss=2.7031 dev_below=true
Final test  loss=2.7086 test_below=true
vaeaeazlehraehecgnia
ihdalerimaajinhiamnm
lnm
