moons_demo: converged (final epoch loss < 0.1)

Learning rate:
┌─────────┬─────────────────────────┐
│l-1.00e-1│                        -│
│e        │                      ---│
│a        │                   ----  │
│r        │                ----     │
│n        │             ----        │
│i        │           ---           │
│n        │        ----             │
│g        │     ----                │
│         │  ----                   │
│r        │---                      │
│a        │                         │
│t        │                         │
│e-2.00e-1│                         │
├─────────┼─────────────────────────┤
│         │0.00              1.59e+4│
│         │          step           │
└─────────┴─────────────────────────┘mlp_result's name: mlp_point_mlp_result
(mlp moons_input) name: mlp_moons_input
