Testing a clamped max-pool and a 0-margin conv sharing one operand...
shared operand's committed neutral (the conv's): 0.
pooled[0,0]=-11 pooled[1,1]=-6 pooled[3,3]=-1
conv[0,0]=-54 conv[1,1]=-99
pooled values correct (windows clamped): true
conv values correct (margins 0): true

Shared-operand composition test completed!

Testing the copy pattern: conv through a materialized copy...
pool operand stays unpadded: true
conv operand's committed neutral: 0.
pooled[0,0]=-11 pooled[1,1]=-6 pooled[3,3]=-1
conv[0,0]=-54 conv[1,1]=-99
pooled values correct (windows clamped): true
conv values correct (margins 0): true
second pass identical: true

Copy-pattern test completed!


========================================
Testing single-operation pooling (max-pool only)...
sole-consumer pool leaves the operand unpadded: true

=== First forward pass (single max-pool operation) ===
pooled[0,0]=-11 pooled[1,1]=-6 pooled[3,3]=-1
pooled values correct (windows clamped): true
second pass identical: true

Single-operation pooling test completed!
