batch passes through omitted rows: batched ++ "i=>i0": 2|3,1

explicit spelling is equivalent: batched ++ "...|...->i => ...|...->i0": 2|3,1

input passes through omitted rows: matrix ++ "o=>o0": 4->3,1

empty rows still inferred when nothing forces axes: vector ++ "i=>i0": 3,1

bare separators close rows: batched ++ "|->i => |->i0" errors: Shape_error Mismatching number of axes

reduce-all needs closed result rows: batched ++ "...|... => |->0": 1

omitted result rows keep batch: batched ++ "...|... => 0": 2|1

terse sum over non-batch: batched ++ "... => 0": 2|1

binary einsum with omitted rows: batched matmul "ij;jk=>ik": Shape_error Mismatching number of axes

"batch" as a dimension label: "batch, seq, d; batch, time, d => batch, seq, time": 2,3,5

