Retrieving commandline, environment, or config file variable ocannl_log_level
Found 0, in the config file
Testing conflicting margin-reading neutrals are rejected...
REJECTED: Conflicting padding neutral elements: an opera

Conflict rejection test completed!

Testing the remedy: a materialized copy per neutral...
committed neutrals: pool operand -inf, conv operand 0
pooled[0,0]=-11 pooled[1,1]=-6 pooled[3,3]=-1
conv[0,0]=-54 conv[1,1]=-99
pooled values correct (margins -inf): true
conv values correct (margins 0): true
second pass identical: true

Separate-copies remedy test completed!


========================================
Testing single-operation padding (max-pool only)...

=== First forward pass (single max-pool operation) ===
pooled[0,0]=-11 pooled[1,1]=-6 pooled[3,3]=-1
pooled values correct (margins initialized once to -inf): true
second pass identical: true

Single-operation padding test completed!
