Retrieving commandline, environment, or config file variable ocannl_log_level
Found 0, in the config file
 void vec_kernel(
    float *restrict out) {

  /* Local declarations and initialization. */

  /* Main logic. */
  #if defined(__clang__)
  #pragma clang loop vectorize(enable) interleave(enable)
  #elif defined(__GNUC__)
  #pragma GCC ivdep
  #endif
  for (int32_t i1 = 0; i1 <= 7; ++i1) {
    out[i1] = (float)(1);
  }
}
 void vec_fallback_kernel(
    float *restrict out2) {

  /* Local declarations and initialization. */

  /* Main logic. */
  for (int32_t i2 = 0; i2 <= 7; ++i2) {
    out2[i2] = (float)(1);
  }
}
 void aligned_local_kernel(
    float *restrict out3) {

  /* Local declarations and initialization. */
  float scratch[8] __attribute__((aligned(32)));

  /* Main logic. */
  for (int32_t i3 = 0; i3 <= 7; ++i3) {
    scratch[i3] = (float)(2);
    out3[i3] = scratch[i3];
  }
}
 void vec_simd_kernel(
    float *restrict inp,
    float *restrict out4) {

  /* Local declarations and initialization. */

  /* Main logic. */
  { /* Vectorized rendering: 8 lanes of float. */
    typedef float ocannl_vec8f __attribute__((vector_size(32)));
    int32_t i4 = 0;
    for (; i4 + 8 <= 8; i4 += 8) {
      ocannl_vec8f vget1__;
      __builtin_memcpy(&vget1__, &inp[i4], sizeof(vget1__));
      ocannl_vec8f vset2__ = (vget1__ + ((float)(2)));
      __builtin_memcpy(&out4[i4], &vset2__, sizeof(vset2__));
      ocannl_vec8f vset3__ = ((ocannl_vec8f){0} + ((float)(1)));
      __builtin_memcpy(&inp[i4], &vset3__, sizeof(vset3__));
    }
    for (; i4 <= 7; ++i4) {
      out4[i4] = (inp[i4] + (float)(2));
      inp[i4] = (float)(1);
    }
  }
}
 void vec_strided_kernel(
    float *restrict inp2,
    float *restrict out5) {

  /* Local declarations and initialization. */

  /* Main logic. */
  #if defined(__clang__)
  #pragma clang loop vectorize(enable) interleave(enable)
  #elif defined(__GNUC__)
  #pragma GCC ivdep
  #endif
  for (int32_t i5 = 0; i5 <= 3; ++i5) {
    out5[i5] = inp2[2*i5];
  }
}
alias parameter rejected: true
