Byte round trip: PASS
Byte mapped: PASS
Uint16 round trip: PASS
Uint16 mapped: PASS
Int32 round trip: PASS
Int32 mapped: PASS
Uint32 round trip: PASS
Uint32 mapped: PASS
Int64 round trip: PASS
Int64 mapped: PASS
Uint64 round trip: PASS
Uint64 mapped: PASS
Half round trip: PASS
Half mapped: PASS
Bfloat16 round trip: PASS
Bfloat16 mapped: PASS
Fp8 round trip: PASS
Fp8 mapped: PASS
Single round trip: PASS
Single mapped: PASS
Double round trip: PASS
Double mapped: PASS
Uint4x32 round trip: PASS
Uint4x32 mapped: PASS
padded round trip: PASS
mapped at unaligned offset: PASS
  packed layout: a@0 b@8 c@40 d@41 e@73
  paths: a mapped, b mapped, c mapped, d decoded, e decoded
every ingestion bumps exactly the counter for the path it reports: true
an element-aligned unpadded payload of a packed file is mapped: true
a payload at an offset its element size does not divide is decoded: true
a padded payload is decoded, whatever its offset: true
declining the mapping decodes the same bytes into an equal array: true
both paths reproduce the payloads they ingested: true
