Retrieving commandline, environment, or config file variable ocannl_log_level
Found 0, in the config file
=== affine_accesses dump ===
wr S   []             loops=[] path=[0] whole 
rd A   [i1;i2]        loops=[i1:0..3,i2:0..2] path=[1] 
rd B   [i2]           loops=[i1:0..3,i2:0..2] path=[1] 
wr C   [i1;i2]        loops=[i1:0..3,i2:0..2] path=[1] 
rd S   [i4]           loops=[i4:0..3,i3:0..4] path=[2] 
rd A   [i4;i3]        loops=[i4:0..3,i3:0..4] path=[2] 
wr S   [i4]           loops=[i4:0..3,i3:0..4] path=[2] rmw 
rd G   [0]            loops=[] path=[3] 
wr D   [0]            loops=[] path=[3] guarded 
rd A   [0;0]          loops=[i5:0..3] path=[4] dyn 
rd I   [i5]           loops=[i5:0..3] path=[4] 
wr E   [i5]           loops=[i5:0..3] path=[4] 

=== which loops of the reduction nest parallelize? ===
i4 (map axis) parallelizable: true
i3 (reduced axis) parallelizable: false
