Named raw rename exemptions:
  arrayjit/lib/atomic_file.ml: Stdlib.Sys.rename -- implements Atomic_file's single commit primitive; every other OCaml publisher routes through this module

every qualified, aliased, opened, and unrelated rename spelling is detected: true
every .mll and .mly input contributes its derived .ml output: true
the generated-source negative control is detected through the derived corpus: true
no raw rename reference exists outside Atomic_file: true
every named raw rename exemption has a reason: true
every named raw rename exemption matches exactly one live reference: true

Synthetic controls: scanner refusal diagnostics exercised by this control golden:
  [scanner-refusal:fb72b56980e9afc888059f90e9734599] arguments the rule's
  [scanner-refusal:20f449385ebca8a7a25b2d306c8e0f44] scan cannot vouch
  [scanner-refusal:77ea18b8b8167a5861a77a9a6bbe45bf] unrelated rename spelling
  [scanner-refusal:298ab0be4c86a0dabfaeeddc5e67bd29] contributes its derived
  [scanner-refusal:dfeaf03eef363cf0944237d1f754cb5a] generated-source negative control
  [scanner-refusal:16447aab0e906595f837aaa44096abbc] Atomic_file
  [scanner-refusal:698fae6b12a0d52a71f789bc962a882b] raw rename exemption
  [scanner-refusal:ed6060063668d409574488fcb7fc8897] exemption matches exactly
