canonical digest stable across sibling compiles: true
canonical form complete: true
different computations have different digests: true
scope ids alpha-numbered in the digest: true
privatized replay values correct: true
privatized replay structurally equals the direct application: true
replayed schedule values correct: true
replayed schedule structurally equals the direct application: true
saved schedule roundtrips through sexp: true
tuned routine values correct: true
first tune call searches (cache miss): true
first tune call timed at least the baseline: true
completed search report is not partial: true
decline census sums to candidates_failed: true
second tune call hits the schedule cache: true
cache-hit report has no declines: true
searched report's winner fields are self-consistent: true
cache-hit report's winner fields are self-consistent: true
cache-hit report names the replayed winner: true
cached schedule replays to correct values: true
search off without a cache times nothing: true
search off without a cache returns the correct untuned routine: true
search off still replays a committed cache entry: true
cache replay under search off gives correct values: true
