Backend golden families:
  test/operations/micrograd_demo_logging-<backend>-0-0.log.expected

Members not yet recorded on their own backend:

Synthetic controls:
  a complete synthesized family and valid contained marker are accepted
  a synthesized family missing one backend is refused
  a rule whose whole family is absent is refused
  repository-relative family paths stay slash-normalized
  a marker outside every stanza is refused
  a marker inside the wrong family rule is refused
  a malformed provenance relationship is refused
  a missing reason separator is refused
  a one-word provenance reason is refused
  two provenance declarations in one comment are refused
  a provenance target outside the rule directory is refused
  an unknown recorded-on backend is refused
  a provenance sentinel outside a comment is refused

Provenance-marker refusal diagnostics exercised by those controls:
  outside every stanza -- test/synthetic/dune: found 1 `ocannl-golden-recorded-on:` occurrence(s) in the file but only 0 inside dune stanzas
  inside the wrong family rule -- test/synthetic/probe-metal.expected: provenance marker is not inside the dune rule that references family test/synthetic/probe-<backend>.expected
  malformed relationship -- test/synthetic/dune:2: provenance marker has no ` <member>.expected <- <backend>`
  missing reason separator -- test/synthetic/dune:2: provenance marker has no ` -- <reason>`
  one-word reason -- test/synthetic/dune:2: provenance marker reason must say why in more than one word
  duplicated declaration -- test/synthetic/dune:2: more than one `ocannl-golden-recorded-on:` marker occurs on this line
  invalid target -- test/synthetic/dune:2: provenance target must be an .expected basename in the rule's directory
  unknown backend -- test/synthetic/dune:2: recorded-on backend `cuda` is not one OCANNL has
  outside a comment -- test/synthetic/dune: found 1 `ocannl-golden-recorded-on:` occurrence(s) in the file but only 0 inside dune stanzas

backend golden families are complete and provenance markers are valid: true

Synthetic controls: scanner refusal diagnostics exercised by this control golden:
  [scanner-refusal:74f8ad0895d43808105a7ac3163bba75] backend golden families
