ok: use -- a literal at the call site
ok: use -- a literal reached through a binding
ok: use -- the empty string turns the cache off
ok: use -- a parameter is forwarded, and named at its own call sites
ok: use -- anything else is reported rather than assumed harmless
ok: use -- an unresolved name is reported by name
ok: use -- a direct store through a structure-level alias
ok: use -- a direct store through the qualified path
ok: use -- a direct store through an alias bound in expression position
ok: use -- an alias of an alias is an alias
ok: use -- a bare store is not a call into the cache module
ok: use -- nor is a same-named operation on another module
ok: use -- a traversal keeps its separators, for the prefix rule to reject
ok: glob -- a range class
ok: glob -- a range class rejects outside its range
ok: glob -- a negated class
ok: glob -- a negated class rejects its members
ok: glob -- a bracket first in a class is a member
ok: glob -- the rest of that class still applies
ok: glob -- an escape inside a class
ok: glob -- an escaped member excludes others
ok: glob -- an unterminated class matches nothing, not a literal bracket
ok: glob -- the staging-file rule matches a generated name
ok: glob -- and spares a file merely carrying the infix
ok: glob -- and spares fields that merely start numeric
ok: glob -- and spares fields of the wrong width
ok: glob -- a one-character stem is still the helper's
ok: glob -- and a name with no stem at all is not
ok: built-in default -- the default a search falls back to
ok: built-in default -- an empty default names no directory
ok: built-in default -- another key's default is not this one's

Synthetic controls: scanner refusal diagnostics exercised by this control golden:
  [scanner-refusal:e2e9d19ffe2ad7688396847bd1ee643a] the repository-root gitignore
  [scanner-refusal:0f307832357ee7ca58b9798a86530dac] arguments the rule's
  [scanner-refusal:88e191145bdba435fd0fb303d486d684] gitignore no longer
  [scanner-refusal:3076fb53f1ae34b427f82aaa89404cb3] root gitignore pattern
  [scanner-refusal:e2fdd92481a66b85f6f54b5c68513edd] sources this check
  [scanner-refusal:cd6f72db4a56b656b92efd2c4a07945f] the cache directory
  [scanner-refusal:a8ea78ba60f371d22646868a36871617] argument
  [scanner-refusal:4168ef8491021497635783bb1f7e4232] no source reads
  [scanner-refusal:298f6bafdca761627eb0f4dfecddf6d3] the built-in default
  [scanner-refusal:50ad95ff66f64313a7ce58dadb8aeda9] the cache directory
