the source inventory supplies shell and Python files: true
the source inventory supplies OCaml implementation and interface files: true
the source inventory supplies Markdown: true
the source inventory supplies workflow YAML: true
the scan reaches Dune actions: true
the source inventory supplies checked-in ocannl_config files: true
the scan reaches ocannl_config.reference examples: true
the scan reaches the checked-in debug config template: true
OK: qualified OCANNL command-line flags and OCANNL_<KEY> environment mentions in source scripts and OCaml sources name registered keys.
OK: inline key=value assignments in scanned Markdown name registered keys or explicit non-config notation.
OK: configuration tokens in Dune actions and checked-in ocannl_config files name registered keys or counted intentional-invalid controls.

Synthetic controls: scanner refusal diagnostics exercised by this control golden:
  [scanner-refusal:abf34118c8986fba00fd6d04dbec92e2] source inventory supplies
  [scanner-refusal:98de32226b019b81ff6e88bf4e44c14b] supplies OCaml implementation
  [scanner-refusal:05a2eb509694607c615f131c6949c1f1] inventory supplies Markdown
  [scanner-refusal:df5189a065c11f8226a214b6573c426b] inventory supplies workflow
  [scanner-refusal:a51b0bb0846baca8ae1abb956920d3a6] reaches Dune actions
  [scanner-refusal:13b4153d0202d6c0c37807c3b9149ec9] ocannl_config
  [scanner-refusal:e457cc60db51565a141d184de6993035] ocannl_config.reference
  [scanner-refusal:e325a76c47f652bc02203717ce08c44a] checked-in debug config
