a runtime value separator is resolved before equals inside its value: true
every config-usage direct refusal format is observed: true
the config-usage refusal control emits no unexpected diagnostic: true

Synthetic controls: scanner refusal diagnostics exercised by this control golden:
  [scanner-refusal:c3c197ff4ebefffc309c70638cde9747] bare config mention
  [scanner-refusal:200477f5fecf3e08ff5055af77a00298] prefix-free config flag
  [scanner-refusal:8acb2b9087cf4a7e4112382c5e058e1a] Utils.known_config_keys
  [scanner-refusal:085d7b5a19f012e46728008a42120c74] non-config environment exemptions
  [scanner-refusal:5d123838dd21fb3fd4a7529e51b8a74f] non-config environment-mention occurrence
  [scanner-refusal:3252eebc4149f3005426dbd4385702c1] non-config assignment exemptions
  [scanner-refusal:4f2e0da970aa70c6ff3549e9e435561f] non-config assignment exemption
  [scanner-refusal:2908ea301f2b18efa6c95e6ab0302abf] historical invalid-config exemption
  [scanner-refusal:a8470894db3dec591875de5cebd230c6] spaced config-mention occurrence
  [scanner-refusal:8c14e661ffe9cdf859b5111394d557a8] prefix-free config-mention occurrence
  [scanner-refusal:7c5c4cc0bd161e76fe99e9983d2db70f] command-line value occurrence
  [scanner-refusal:e592c4ffcb391edf546553bd50accc7a] runtime value separator
  [scanner-refusal:84bf7dbb3e9182b1eced5e76a271e5f6] config-usage direct refusal
  [scanner-refusal:ed12f66c93e310aaa2996f755dd93a06] config-usage refusal control
