second consume: returns the same comp: true
parameter: says it is a parameter: true
parameter: does not claim a prior consumption: true
subterm: says the code is embedded in a consumer: true
subterm: does not claim a prior consumption: true
second backprop consume: returns the same comp: true
backprop subterm: says the code is embedded in a consumer: true
after a %cd embedding: returns the tensor's comp: true
discarded backprop: says it was discarded: true
discarded backprop: names forward_once: true
discarded backprop: does not blame a consumer: true
discard after consume: preserves replay: true
consumption inside with_unchanged_roots is undone: true
and the root can then be consumed once: true
first handout still rejects a conflicting root: true
failed first handout leaves the root intact: true
non-differentiable backprop remains rejected: true
parameter from a taken initializer still rejects forward: true
parameterization preserves the initializer forward handout: true
parameterization preserves the initializer backprop handout: true
new parameter owns its fresh backprop root: true
first parameter backprop handout removes its root: true
parameter backprop can then replay its fresh comp: true
parameter backprop embedded after parameterization remains rejected: true
