automatic schedule values correct: true
parallel runs bitwise deterministic: true
large kernel rendered in parallel: true
small kernel values correct: true
small kernel stays serial: true
privatized matmul values match the twin: true
privatized accumulator gets per-chunk storage, both nests parallel: true
interleaved-write hazard values correct: true
interleaved covering write keeps the grid loop serial: true
