Retrieving commandline, environment, or config file variable ocannl_log_level
Found 0, in the config file
automatic schedule values correct: true
parallel runs bitwise deterministic: true
large kernel rendered in parallel: true
small kernel values correct: true
small kernel stays serial: true
privatized matmul values match the twin: true
unsafe local keeps the accumulation grid loop serial: true
