div: mma epilogue twins are seeded: true
div: at least one epilogue twin applies and validates (reaches timing): true
div: some epilogue twin compiles and runs end-to-end: true
div: every running twin matches the untuned reference: true
nondiv: mma epilogue twins are seeded: true
nondiv: at least one epilogue twin applies and validates (reaches timing): true
nondiv: some epilogue twin compiles and runs end-to-end: true
nondiv: every running twin matches the untuned reference: true

Done.
