Retrieving commandline, environment, or config file variable ocannl_log_level
Found 0, in the config file
serial combo values correct: true
annotated combo values match the serial twin: true
annotated kernel structure as expected: true
unrolled variant values correct: true
unrolled kernel repeats the body with constant bindings: true
partial hardware coverage rejected: true
