f32 compute over bf16 storage beats per-operator rounding: true
wide-compute relative error within one bf16 ulp: true
per-operator relative error exceeds it: true
bf16 vectorized rendering is bitwise identical to the serial twin: true
half vectorized rendering is bitwise identical to the serial twin: true
bf16 loop vectorizes with a converting load/store: true
no operator narrows only to be widened again: true
arithmetic is f32: true
