Retrieving commandline, environment, or config file variable ocannl_log_level
Found 0, in the config file
retype outer parallel loop to Grid           Legal
retype inner parallel loop to Workgroup      Legal
retype reduction loop to Grid                Illegal
retype reduction loop to Vectorized          Legal
cross-statement retype to Grid               Unknown
cross-statement zero-init loop to Grid       Unknown
cross-statement Vectorized keeps scope       Legal
cross-statement swap keeps scope             Legal
swap parallel pair                           Legal
swap parallel with reduction                 Legal
swap non-nested loops                        Unknown
split reduction with Workgroup inner         Illegal
split parallel with Workgroup inner          Legal
split reduction serial/serial                Legal
unroll reduction                             Legal
stage packing proves coverage                Legal
stage packing two tile loops                 Legal
stage of a written source                    Illegal
stage tile loop absent from the read         Illegal
stage shared stays unknown                   Unknown
stage hoisted without host-init data         Illegal
stage cooperative requires shared            Illegal
tensorize valid roles                        Legal
tensorize i/j roles swapped                  Illegal
tensorize j role on the reduction            Illegal
tensorize i role on the reduction            Illegal
tensorize rotated roles (j k i)              Illegal
tensorize rotated roles (k i j)              Illegal
tensorize with cross-statement sharing       Unknown
retype lagged recurrence to Grid             Unknown
schedule_legality stops at the illegal op:
  Retype i3 Grid                             Legal
  Retype i5 Workgroup                        Illegal
