Retrieving commandline, environment, or config file variable ocannl_log_level
Found 0, in the config file
retype outer parallel loop to Grid           Legal
retype inner parallel loop to Workgroup      Legal
retype reduction loop to Grid                Illegal
retype reduction loop to Vectorized          Legal
retype zero-init loop to Grid                Legal
swap parallel pair                           Legal
swap parallel with reduction                 Legal
swap non-nested loops                        Unknown
split reduction with Workgroup inner         Illegal
split parallel with Workgroup inner          Legal
split reduction serial/serial                Legal
unroll reduction                             Legal
stage is not modeled                         Unknown
retype lagged recurrence to Grid             Unknown
schedule_legality stops at the illegal op:
  Retype i3 Grid                             Legal
  Retype i5 Workgroup                        Illegal
