tropical overlap: y = [5 3 2 5], loss = 15, gx = [1 1 0 1 1]
tropical overlap forward: true
tropical overlap gradient exact: true
unary conv sum: y = [8 4 3 7]
unary conv sum forward: true
unary einmax1 overlap: y = [5 3 2 5], gx = [1 1 0 1 1]
unary einmax1 overlap forward and gradient exact: true
einmax1 ties: loss = 7, gx = [1 0 1]
einmax1 tie gradient gates every achieving position: true
tropical matmul: t = [12 21 15 25], loss = 73
tropical matmul: ga = [1 1 2 0], gb = [1 2 1 0]
tropical matmul forward: true
tropical matmul g1 exact: true
tropical matmul g2 exact (formerly the documented limitation): true
ties with overlap: gx = [1 2 1]
ties gate every achieving pair: true
clamped overlap: y = [-3 -2 -1 -1], gx = [0 1 1 2]
clamped overlap forward: true
clamped overlap gradient exact: true
overlapping max_pool2d: y = [12 14 22 24]
overlapping max_pool2d: gx = [0 0 0 0 0 0 0 0 0 0 0 0 1 0 1 0 0 0 0 0 0 0 1 0 1]
overlapping max_pool2d forward: true
overlapping max_pool2d gradient exact: true
all -inf clamped: gx = [2 3 3 2], gk = [3 4 3]
clamped-out pairs gate no input gradient: true
clamped-out pairs gate no kernel gradient (validity mask): true
row-var reduce with kept input axes: loss = 14, gp = [0 1 0 1 0 0]
row-var reduction keeping input axes has exact gradients: true

Done.
