Retrieving commandline, environment, or config file variable ocannl_log_level
Found 0, in the config file
default: tracer flags the intermediate recurrent: true
default: read_before_write overridden to false: true
default: intermediate is not a routine input: true
materialized: tracer flags the intermediate recurrent: true
materialized: intermediate stays non-virtual: true
parity: same result length: true
parity: PASS
