routine named "asm" computes correct values: true
routine named "asm" keeps its given name in the routine record: true
routine named "asm" emits the mangled symbol "asm__": true
routine named "arrayjit_threefry4x32" computes correct values: true
routine named "arrayjit_threefry4x32" keeps its given name in the routine record: true
routine named "arrayjit_threefry4x32" emits the mangled symbol "arrayjit_threefry4x32__": true
routine named "printf" computes correct values: true
routine named "printf" keeps its given name in the routine record: true
routine named "printf" emits the mangled symbol "printf__": true
routine named "exp" computes correct values: true
routine named "exp" keeps its given name in the routine record: true
routine named "exp" emits the mangled symbol "exp__": true
routine named "gh686 bad/name!" computes correct values: true
routine named "gh686 bad/name!" keeps its given name in the routine record: true
routine named "gh686 bad/name!" emits the mangled symbol "gh686_bad_name_": true
routine named "686_leading_digit" computes correct values: true
routine named "686_leading_digit" keeps its given name in the routine record: true
routine named "686_leading_digit" emits the mangled symbol "k_686_leading_digit": true
an ordinary routine name computes correct values: true
an ordinary routine name reaches the routine record unchanged: true
an ordinary routine name is emitted unmangled: true
the block comment derives the reserved name: true
a Block_comment-named reserved routine computes correct values: true
a node labeled by a C++ alternative token computes correct values: true
