swizzled SMEM matmul parity (GPU) or clean rejection (CPU): true
tile accesses XOR-swizzled (GPU) or rejected (CPU): true
swizzled staged+tensorized parity (GPU) or clean rejection (CPU): true
swizzled operands decline the MMA intrinsics to the lane-0 fallback: true
swizzle requires shared staging: true
swizzle requires at least two tile axes: true
swizzle requires a power-of-two minor tile dim: true
