Retrieving commandline, environment, or config file variable ocannl_log_level
Found 0, in the config file
tensorized matmul values match the serial twin: true
C-backend fallback matches bitwise: true
tensorized structure as expected: true
half tensorized matmul matches the serial twin bitwise: true
half tensorized structure as expected: true
fp8 tensorized matmul matches the serial twin bitwise: true
fp8 tensorized structure as expected: true
edge-extent tensorized matmul matches the serial twin bitwise: true
edge-extent register tiling with peeled edges: true
staged+tensorized matmul parity (GPU) or clean rejection (CPU): true
staged+tensorized structure as expected: true
staged+tensorized half matmul matches the serial twin bitwise: true
staged+tensorized half fragment residency: true
ta tensorized matmul matches the serial twin: true
ta C-backend fallback matches bitwise: true
ta tensorized structure as expected: true
tb tensorized matmul matches the serial twin: true
tb C-backend fallback matches bitwise: true
tb tensorized structure as expected: true
misassigned roles are rejected with a targeted error: true
