Retrieving commandline, environment, or config file variable ocannl_log_level
Found 0, in the config file
cvd_s1v C-backend conv seeds: true
cvd_s1v detected: true
cvd_s2v C-backend conv seeds: true
cvd_s2v detected: true
cvd_s1p C-backend conv seeds: true
cvd_s1p detected: true
matmul is not a conv site: true
cvg: reorder-only conv matches the natural form within tolerance: true
cvg: packed+tensorized conv matches the reorder-only twin bitwise: true
cvg: packed+tensorized conv matches the natural form within tolerance: true
cvp: reorder-only conv matches the natural form within tolerance: true
cvp: packed+tensorized conv matches the reorder-only twin bitwise: true
cvp: packed+tensorized conv matches the natural form within tolerance: true
cvg2: reorder-only conv matches the natural form within tolerance: true
cvg2: strided-row tensorization rejected with a targeted error: true
conv pipeline structure: im2col packs, register tiling, resident fragment: true
conv sketches seeded (serial+grid; twins gated on multi-window): true
tuned conv+tail matches the untuned twin within tolerance: true
cvu: GPU staged conv pipeline matches the natural form within tolerance: true
cvu: conv seeds per fission segment (GPU staged on metal; serial+grid on cc): true
cvu: tuned conv matches the untuned twin within tolerance: true
cvb: blocked (row-panel) conv pipeline matches the natural form within tolerance: true
cvb: blocked flavors seeded per fission segment: true
cvb: tuned blocked conv matches the untuned twin within tolerance: true
cva: aligned-grid conv pipeline on a merged segment matches within tolerance: true
cva: aligned-grid conv seeded and timed on the merged fission segment: true
cva: tuned merged conv graph matches the untuned twin within tolerance: true
