bf_ab staged ldmatrix parity (GPU) or clean rejection (CPU): true
bf_ab ldmatrix structure and census as expected: true
bf_ta staged ldmatrix parity (GPU) or clean rejection (CPU): true
bf_ta ldmatrix structure and census as expected: true
bf_tb staged ldmatrix parity (GPU) or clean rejection (CPU): true
bf_tb ldmatrix structure and census as expected: true
f8_a staged ldmatrix parity (GPU) or clean rejection (CPU): true
f8_a ldmatrix structure and census as expected: true
f8_b staged ldmatrix parity (GPU) or clean rejection (CPU): true
f8_b ldmatrix structure and census as expected: true
f8_b_decline staged ldmatrix parity (GPU) or clean rejection (CPU): true
f8_b_decline ldmatrix structure and census as expected: true
f16_decline staged ldmatrix parity (GPU) or clean rejection (CPU): true
f16_decline ldmatrix structure and census as expected: true
