variant scratch: schedule is nonempty: true
variant scratch: outer chain loops stay parallel: true
variant scratch: value-feeding chain loops are serialized: true
variant via scalar local: schedule is nonempty: true
variant via scalar local: outer chain loops stay parallel: true
variant via scalar local: value-feeding chain loops are serialized: true
invariant scratch: schedule is nonempty: true
invariant scratch: outer chain loops stay parallel: true
invariant scratch: full two-loop chains kept: true
