== cpu simd32: 20 seeds ==
 0  gpu:false mma:false simd:0  bm:16  bn:16  bk:16  tm:0 tn:0 hoist:false grid:false packrest:false epi:false swz:- depth:1
 1  gpu:false mma:false simd:0  bm:8   bn:8   bk:8   tm:0 tn:0 hoist:false grid:false packrest:false epi:false swz:- depth:1
 2  gpu:false mma:false simd:0  bm:16  bn:16  bk:16  tm:0 tn:0 hoist:true grid:false packrest:false epi:false swz:- depth:1
 3  gpu:false mma:false simd:0  bm:8   bn:8   bk:8   tm:0 tn:0 hoist:true grid:false packrest:false epi:false swz:- depth:1
 4  gpu:false mma:true simd:0  bm:0   bn:0   bk:0   tm:0 tn:0 hoist:false grid:false packrest:false epi:false swz:- depth:1
 5  gpu:false mma:true simd:0  bm:64  bn:0   bk:0   tm:0 tn:0 hoist:false grid:false packrest:false epi:false swz:- depth:1
 6  gpu:false mma:true simd:0  bm:16  bn:0   bk:0   tm:0 tn:0 hoist:false grid:false packrest:false epi:false swz:- depth:1
 7  gpu:false mma:true simd:0  bm:64  bn:0   bk:64  tm:0 tn:0 hoist:false grid:false packrest:false epi:false swz:- depth:1
 8  gpu:false mma:true simd:0  bm:64  bn:0   bk:256 tm:0 tn:0 hoist:false grid:false packrest:false epi:false swz:- depth:1
 9  gpu:false mma:true simd:0  bm:128 bn:128 bk:128 tm:0 tn:0 hoist:false grid:false packrest:false epi:false swz:- depth:1
10  gpu:false mma:true simd:0  bm:64  bn:128 bk:256 tm:0 tn:0 hoist:false grid:false packrest:false epi:false swz:- depth:1
11  gpu:false mma:true simd:0  bm:16  bn:0   bk:16  tm:0 tn:0 hoist:false grid:false packrest:false epi:false swz:- depth:1
12  gpu:false mma:true simd:0  bm:64  bn:0   bk:64  tm:0 tn:0 hoist:true grid:false packrest:false epi:false swz:- depth:1
13  gpu:false mma:true simd:0  bm:64  bn:0   bk:256 tm:0 tn:0 hoist:true grid:false packrest:false epi:false swz:- depth:1
14  gpu:false mma:true simd:0  bm:128 bn:128 bk:128 tm:0 tn:0 hoist:true grid:false packrest:false epi:false swz:- depth:1
15  gpu:false mma:true simd:0  bm:64  bn:128 bk:256 tm:0 tn:0 hoist:true grid:false packrest:false epi:false swz:- depth:1
16  gpu:false mma:true simd:0  bm:16  bn:0   bk:16  tm:0 tn:0 hoist:true grid:false packrest:false epi:false swz:- depth:1
17  gpu:false mma:true simd:0  bm:16  bn:0   bk:16  tm:0 tn:0 hoist:true grid:true packrest:false epi:false swz:- depth:1
18  gpu:false mma:true simd:0  bm:16  bn:0   bk:16  tm:0 tn:0 hoist:true grid:true packrest:true epi:false swz:- depth:1
19  gpu:false mma:true simd:0  bm:16  bn:0   bk:16  tm:0 tn:0 hoist:false grid:true packrest:false epi:false swz:- depth:1
== gpu plain: 10 seeds ==
 0  gpu:true mma:false simd:0  bm:64  bn:64  bk:8   tm:4 tn:4 hoist:false grid:false packrest:false epi:false swz:- depth:1
 1  gpu:true mma:false simd:0  bm:32  bn:32  bk:8   tm:4 tn:4 hoist:false grid:false packrest:false epi:false swz:- depth:1
 2  gpu:true mma:false simd:0  bm:16  bn:16  bk:8   tm:4 tn:4 hoist:false grid:false packrest:false epi:false swz:- depth:1
 3  gpu:true mma:false simd:0  bm:32  bn:32  bk:16  tm:2 tn:2 hoist:false grid:false packrest:false epi:false swz:- depth:1
 4  gpu:true mma:false simd:0  bm:16  bn:16  bk:8   tm:2 tn:2 hoist:false grid:false packrest:false epi:false swz:- depth:1
 5  gpu:true mma:true simd:32 bm:16  bn:32  bk:0   tm:0 tn:0 hoist:false grid:false packrest:false epi:false swz:- depth:1
 6  gpu:true mma:true simd:32 bm:32  bn:32  bk:0   tm:0 tn:0 hoist:false grid:false packrest:false epi:false swz:- depth:1
 7  gpu:true mma:true simd:32 bm:16  bn:32  bk:32  tm:0 tn:0 hoist:false grid:false packrest:false epi:false swz:- depth:1
 8  gpu:true mma:true simd:32 bm:32  bn:32  bk:32  tm:0 tn:0 hoist:false grid:false packrest:false epi:false swz:- depth:1
 9  gpu:true mma:true simd:32 bm:32  bn:32  bk:16  tm:0 tn:0 hoist:false grid:false packrest:false epi:false swz:- depth:1
== gpu staged+depth: 16 seeds ==
 0  gpu:true mma:false simd:0  bm:64  bn:64  bk:8   tm:4 tn:4 hoist:false grid:false packrest:false epi:false swz:- depth:1
 1  gpu:true mma:false simd:0  bm:32  bn:32  bk:8   tm:4 tn:4 hoist:false grid:false packrest:false epi:false swz:- depth:1
 2  gpu:true mma:false simd:0  bm:16  bn:16  bk:8   tm:4 tn:4 hoist:false grid:false packrest:false epi:false swz:- depth:1
 3  gpu:true mma:false simd:0  bm:32  bn:32  bk:16  tm:2 tn:2 hoist:false grid:false packrest:false epi:false swz:- depth:1
 4  gpu:true mma:false simd:0  bm:16  bn:16  bk:8   tm:2 tn:2 hoist:false grid:false packrest:false epi:false swz:- depth:1
 5  gpu:true mma:true simd:32 bm:16  bn:32  bk:0   tm:0 tn:0 hoist:false grid:false packrest:false epi:false swz:- depth:1
 6  gpu:true mma:true simd:32 bm:32  bn:32  bk:0   tm:0 tn:0 hoist:false grid:false packrest:false epi:false swz:- depth:1
 7  gpu:true mma:true simd:32 bm:16  bn:32  bk:32  tm:0 tn:0 hoist:false grid:false packrest:false epi:false swz:- depth:1
 8  gpu:true mma:true simd:32 bm:16  bn:32  bk:32  tm:0 tn:0 hoist:false grid:false packrest:false epi:false swz:b128 depth:1
 9  gpu:true mma:true simd:32 bm:16  bn:32  bk:32  tm:0 tn:0 hoist:false grid:false packrest:false epi:false swz:- depth:2
10  gpu:true mma:true simd:32 bm:32  bn:32  bk:32  tm:0 tn:0 hoist:false grid:false packrest:false epi:false swz:- depth:1
11  gpu:true mma:true simd:32 bm:32  bn:32  bk:32  tm:0 tn:0 hoist:false grid:false packrest:false epi:false swz:b128 depth:1
12  gpu:true mma:true simd:32 bm:32  bn:32  bk:32  tm:0 tn:0 hoist:false grid:false packrest:false epi:false swz:- depth:2
13  gpu:true mma:true simd:32 bm:32  bn:32  bk:16  tm:0 tn:0 hoist:false grid:false packrest:false epi:false swz:- depth:1
14  gpu:true mma:true simd:32 bm:32  bn:32  bk:16  tm:0 tn:0 hoist:false grid:false packrest:false epi:false swz:b128 depth:1
15  gpu:true mma:true simd:32 bm:32  bn:32  bk:16  tm:0 tn:0 hoist:false grid:false packrest:false epi:false swz:- depth:2
== cpu simd32 tree: 12 choice nodes, depth 4 ==
pipeline = blocktile
  packing = in-kernel
    geometry = b16
      * gpu:false mma:false simd:0  bm:16  bn:16  bk:16  tm:0 tn:0 hoist:false grid:false packrest:false epi:false swz:- depth:1
    geometry = b8
      * gpu:false mma:false simd:0  bm:8   bn:8   bk:8   tm:0 tn:0 hoist:false grid:false packrest:false epi:false swz:- depth:1
  packing = hoisted
    geometry = b16
      * gpu:false mma:false simd:0  bm:16  bn:16  bk:16  tm:0 tn:0 hoist:true grid:false packrest:false epi:false swz:- depth:1
    geometry = b8
      * gpu:false mma:false simd:0  bm:8   bn:8   bk:8   tm:0 tn:0 hoist:true grid:false packrest:false epi:false swz:- depth:1
pipeline = tensorized
  tensorized-form = whole-triple
    row-block = bm0
      * gpu:false mma:true simd:0  bm:0   bn:0   bk:0   tm:0 tn:0 hoist:false grid:false packrest:false epi:false swz:- depth:1
    row-block = bm64
      * gpu:false mma:true simd:0  bm:64  bn:0   bk:0   tm:0 tn:0 hoist:false grid:false packrest:false epi:false swz:- depth:1
    row-block = bm16
      * gpu:false mma:true simd:0  bm:16  bn:0   bk:0   tm:0 tn:0 hoist:false grid:false packrest:false epi:false swz:- depth:1
  tensorized-form = packed
    packing-shape = serial
      geometry = bm64 bn0 bk64
        * gpu:false mma:true simd:0  bm:64  bn:0   bk:64  tm:0 tn:0 hoist:false grid:false packrest:false epi:false swz:- depth:1
      geometry = bm64 bn0 bk256
        * gpu:false mma:true simd:0  bm:64  bn:0   bk:256 tm:0 tn:0 hoist:false grid:false packrest:false epi:false swz:- depth:1
      geometry = bm128 bn128 bk128
        * gpu:false mma:true simd:0  bm:128 bn:128 bk:128 tm:0 tn:0 hoist:false grid:false packrest:false epi:false swz:- depth:1
      geometry = bm64 bn128 bk256
        * gpu:false mma:true simd:0  bm:64  bn:128 bk:256 tm:0 tn:0 hoist:false grid:false packrest:false epi:false swz:- depth:1
      geometry = bm16 bn0 bk16
        * gpu:false mma:true simd:0  bm:16  bn:0   bk:16  tm:0 tn:0 hoist:false grid:false packrest:false epi:false swz:- depth:1
    packing-shape = hoisted
      geometry = bm64 bn0 bk64
        * gpu:false mma:true simd:0  bm:64  bn:0   bk:64  tm:0 tn:0 hoist:true grid:false packrest:false epi:false swz:- depth:1
      geometry = bm64 bn0 bk256
        * gpu:false mma:true simd:0  bm:64  bn:0   bk:256 tm:0 tn:0 hoist:true grid:false packrest:false epi:false swz:- depth:1
      geometry = bm128 bn128 bk128
        * gpu:false mma:true simd:0  bm:128 bn:128 bk:128 tm:0 tn:0 hoist:true grid:false packrest:false epi:false swz:- depth:1
      geometry = bm64 bn128 bk256
        * gpu:false mma:true simd:0  bm:64  bn:128 bk:256 tm:0 tn:0 hoist:true grid:false packrest:false epi:false swz:- depth:1
      geometry = bm16 bn0 bk16
        * gpu:false mma:true simd:0  bm:16  bn:0   bk:16  tm:0 tn:0 hoist:true grid:false packrest:false epi:false swz:- depth:1
    packing-shape = hoisted-grid
      geometry = bm64 bn0 bk64  [refuted: bm=64 gives 1 row block(s); a Grid split needs at least 2]
      geometry = bm64 bn0 bk256  [refuted: extents do not divide the blocks: the non-hoistable operand is read in place and cannot absorb the zero-fringe pad]
      geometry = bm128 bn128 bk128  [refuted: extents do not divide the blocks: the non-hoistable operand is read in place and cannot absorb the zero-fringe pad]
      geometry = bm64 bn128 bk256  [refuted: extents do not divide the blocks: the non-hoistable operand is read in place and cannot absorb the zero-fringe pad]
      geometry = bm16 bn0 bk16
        * gpu:false mma:true simd:0  bm:16  bn:0   bk:16  tm:0 tn:0 hoist:true grid:true packrest:false epi:false swz:- depth:1
    packing-shape = hoisted-grid-pack-rest
      geometry = bm64 bn0 bk64  [refuted: bm=64 gives 1 row block(s); a Grid split needs at least 2]
      geometry = bm64 bn0 bk256  [refuted: bm=64 gives 1 row block(s); a Grid split needs at least 2]
      geometry = bm128 bn128 bk128  [refuted: bm=128 gives 1 row block(s); a Grid split needs at least 2]
      geometry = bm64 bn128 bk256  [refuted: bm=64 gives 1 row block(s); a Grid split needs at least 2]
      geometry = bm16 bn0 bk16
        * gpu:false mma:true simd:0  bm:16  bn:0   bk:16  tm:0 tn:0 hoist:true grid:true packrest:true epi:false swz:- depth:1
    packing-shape = grid-pack-rest  [excluded: a hoistable operand exists: the hoisted shapes cover the one-dispatch role without per-chunk re-packing]
    packing-shape = grid
      geometry = bm64 bn0 bk64  [refuted: bm=64 gives 1 row block(s); a Grid split needs at least 2]
      geometry = bm64 bn0 bk256  [refuted: bm=64 gives 1 row block(s); a Grid split needs at least 2]
      geometry = bm128 bn128 bk128  [refuted: bm=128 gives 1 row block(s); a Grid split needs at least 2]
      geometry = bm64 bn128 bk256  [refuted: bm=64 gives 1 row block(s); a Grid split needs at least 2]
      geometry = bm16 bn0 bk16
        * gpu:false mma:true simd:0  bm:16  bn:0   bk:16  tm:0 tn:0 hoist:false grid:true packrest:false epi:false swz:- depth:1
last leaf's decision path: pipeline=tensorized > tensorized-form=packed > packing-shape=grid > geometry=bm16 bn0 bk16
tree leaves = flat enumeration: true
== gpu staged+depth tree: 8 choice nodes, depth 3 ==
pipeline = blocktile
  geometry = bm64 bn64 bk8 tm4 tn4
    * gpu:true mma:false simd:0  bm:64  bn:64  bk:8   tm:4 tn:4 hoist:false grid:false packrest:false epi:false swz:- depth:1
  geometry = bm32 bn32 bk8 tm4 tn4
    * gpu:true mma:false simd:0  bm:32  bn:32  bk:8   tm:4 tn:4 hoist:false grid:false packrest:false epi:false swz:- depth:1
  geometry = bm16 bn16 bk8 tm4 tn4
    * gpu:true mma:false simd:0  bm:16  bn:16  bk:8   tm:4 tn:4 hoist:false grid:false packrest:false epi:false swz:- depth:1
  geometry = bm32 bn32 bk16 tm2 tn2
    * gpu:true mma:false simd:0  bm:32  bn:32  bk:16  tm:2 tn:2 hoist:false grid:false packrest:false epi:false swz:- depth:1
  geometry = bm16 bn16 bk8 tm2 tn2
    * gpu:true mma:false simd:0  bm:16  bn:16  bk:8   tm:2 tn:2 hoist:false grid:false packrest:false epi:false swz:- depth:1
pipeline = tensorized
  geometry = bm16 bn32 bk0
    twin = plain
      * gpu:true mma:true simd:32 bm:16  bn:32  bk:0   tm:0 tn:0 hoist:false grid:false packrest:false epi:false swz:- depth:1
  geometry = bm32 bn32 bk0
    twin = plain
      * gpu:true mma:true simd:32 bm:32  bn:32  bk:0   tm:0 tn:0 hoist:false grid:false packrest:false epi:false swz:- depth:1
  geometry = bm16 bn32 bk32
    twin = plain
      * gpu:true mma:true simd:32 bm:16  bn:32  bk:32  tm:0 tn:0 hoist:false grid:false packrest:false epi:false swz:- depth:1
    twin = swizzled
      * gpu:true mma:true simd:32 bm:16  bn:32  bk:32  tm:0 tn:0 hoist:false grid:false packrest:false epi:false swz:b128 depth:1
    twin = depth2
      * gpu:true mma:true simd:32 bm:16  bn:32  bk:32  tm:0 tn:0 hoist:false grid:false packrest:false epi:false swz:- depth:2
  geometry = bm32 bn32 bk32
    twin = plain
      * gpu:true mma:true simd:32 bm:32  bn:32  bk:32  tm:0 tn:0 hoist:false grid:false packrest:false epi:false swz:- depth:1
    twin = swizzled
      * gpu:true mma:true simd:32 bm:32  bn:32  bk:32  tm:0 tn:0 hoist:false grid:false packrest:false epi:false swz:b128 depth:1
    twin = depth2
      * gpu:true mma:true simd:32 bm:32  bn:32  bk:32  tm:0 tn:0 hoist:false grid:false packrest:false epi:false swz:- depth:2
  geometry = bm32 bn32 bk16
    twin = plain
      * gpu:true mma:true simd:32 bm:32  bn:32  bk:16  tm:0 tn:0 hoist:false grid:false packrest:false epi:false swz:- depth:1
    twin = swizzled
      * gpu:true mma:true simd:32 bm:32  bn:32  bk:16  tm:0 tn:0 hoist:false grid:false packrest:false epi:false swz:b128 depth:1
    twin = depth2
      * gpu:true mma:true simd:32 bm:32  bn:32  bk:16  tm:0 tn:0 hoist:false grid:false packrest:false epi:false swz:- depth:2
last leaf's decision path: pipeline=tensorized > geometry=bm32 bn32 bk16 > twin=depth2
tree leaves = flat enumeration: true
== awkward 20^3 gpu: 6 seeds ==
tree leaves = flat enumeration: true
-- refuted --
  pipeline=blocktile > geometry=bm64 bn64 bk8 tm4 tn4: bm=64 does not divide m=20
  pipeline=blocktile > geometry=bm32 bn32 bk8 tm4 tn4: bm=32 does not divide m=20
  pipeline=blocktile > geometry=bm16 bn16 bk8 tm4 tn4: bm=16 does not divide m=20
  pipeline=blocktile > geometry=bm32 bn32 bk16 tm2 tn2: bm=32 does not divide m=20
  pipeline=blocktile > geometry=bm16 bn16 bk8 tm2 tn2: bm=16 does not divide m=20
  pipeline=tensorized > geometry=bm16 bn32 bk0: bm=16 does not divide m=20
  pipeline=tensorized > geometry=bm32 bn32 bk0: bm=32 does not divide m=20
-- excluded --
  pipeline=tensorized > geometry=bm16 bn32 bk32 > twin=depth2: pad-masked site: Tensorize stays on the barrier-bracketed arm, so the twin could only pay the doubled shared-memory footprint (Codex P2 on PR #303)
  pipeline=tensorized > geometry=bm32 bn32 bk32 > twin=depth2: pad-masked site: Tensorize stays on the barrier-bracketed arm, so the twin could only pay the doubled shared-memory footprint (Codex P2 on PR #303)
  pipeline=tensorized > geometry=bm32 bn32 bk16 > twin=depth2: pad-masked site: Tensorize stays on the barrier-bracketed arm, so the twin could only pay the doubled shared-memory footprint (Codex P2 on PR #303)
== awkward 20^3 cpu: 8 seeds ==
tree leaves = flat enumeration: true
-- refuted --
  pipeline=blocktile > packing=in-kernel > geometry=b16: b=16 does not divide m=20
  pipeline=blocktile > packing=in-kernel > geometry=b8: b=8 does not divide m=20
  pipeline=blocktile > packing=hoisted: hoisted packing needs a host-init-backed constant operand; neither operand is one
  pipeline=tensorized > tensorized-form=whole-triple > row-block=bm64: bm=64 does not divide m=20
  pipeline=tensorized > tensorized-form=whole-triple > row-block=bm16: bm=16 does not divide m=20
  pipeline=tensorized > tensorized-form=packed > packing-shape=hoisted: no host-init-backed constant operand to pack at link time
  pipeline=tensorized > tensorized-form=packed > packing-shape=hoisted-grid: no host-init-backed constant operand to pack at link time
  pipeline=tensorized > tensorized-form=packed > packing-shape=hoisted-grid-pack-rest: no host-init-backed constant operand to pack at link time
  pipeline=tensorized > tensorized-form=packed > packing-shape=grid-pack-rest > geometry=bm64 bn0 bk64: bm=64 gives 1 row block(s); a Grid split needs at least 2
  pipeline=tensorized > tensorized-form=packed > packing-shape=grid-pack-rest > geometry=bm64 bn0 bk256: bm=64 gives 1 row block(s); a Grid split needs at least 2
  pipeline=tensorized > tensorized-form=packed > packing-shape=grid-pack-rest > geometry=bm128 bn128 bk128: bm=128 gives 1 row block(s); a Grid split needs at least 2
  pipeline=tensorized > tensorized-form=packed > packing-shape=grid-pack-rest > geometry=bm64 bn128 bk256: bm=64 gives 1 row block(s); a Grid split needs at least 2
  pipeline=tensorized > tensorized-form=packed > packing-shape=grid > geometry=bm64 bn0 bk64: bm=64 gives 1 row block(s); a Grid split needs at least 2
  pipeline=tensorized > tensorized-form=packed > packing-shape=grid > geometry=bm64 bn0 bk256: bm=64 gives 1 row block(s); a Grid split needs at least 2
  pipeline=tensorized > tensorized-form=packed > packing-shape=grid > geometry=bm128 bn128 bk128: bm=128 gives 1 row block(s); a Grid split needs at least 2
  pipeline=tensorized > tensorized-form=packed > packing-shape=grid > geometry=bm64 bn128 bk256: bm=64 gives 1 row block(s); a Grid split needs at least 2
== half-prec cpu: 2 seeds ==
tree leaves = flat enumeration: true
-- refuted --
  pipeline=blocktile > packing=hoisted: hoisted packing needs a host-init-backed constant operand; neither operand is one
  pipeline=tensorized: register tiling requires uniform f32/f64 operand and accumulator precisions
== half-prec gpu: 5 seeds ==
tree leaves = flat enumeration: true
-- refuted --
  pipeline=tensorized: backend advertises no mma format tile for operands (half, half) with accumulator half
== transposed-B cpu: 9 seeds ==
tree leaves = flat enumeration: true
-- refuted --
  pipeline=blocktile > packing=hoisted: hoisted packing needs a host-init-backed constant operand; neither operand is one
  pipeline=tensorized > tensorized-form=whole-triple: stored B is transposed: whole-triple reads B in place, which the register tiling statically declines
  pipeline=tensorized > tensorized-form=packed > packing-shape=hoisted: no host-init-backed constant operand to pack at link time
  pipeline=tensorized > tensorized-form=packed > packing-shape=hoisted-grid: no host-init-backed constant operand to pack at link time
  pipeline=tensorized > tensorized-form=packed > packing-shape=hoisted-grid-pack-rest: no host-init-backed constant operand to pack at link time
  pipeline=tensorized > tensorized-form=packed > packing-shape=grid-pack-rest > geometry=bm64 bn0 bk64: bm=64 gives 1 row block(s); a Grid split needs at least 2
  pipeline=tensorized > tensorized-form=packed > packing-shape=grid-pack-rest > geometry=bm64 bn0 bk256: bm=64 gives 1 row block(s); a Grid split needs at least 2
  pipeline=tensorized > tensorized-form=packed > packing-shape=grid-pack-rest > geometry=bm128 bn128 bk128: bm=128 gives 1 row block(s); a Grid split needs at least 2
  pipeline=tensorized > tensorized-form=packed > packing-shape=grid-pack-rest > geometry=bm64 bn128 bk256: bm=64 gives 1 row block(s); a Grid split needs at least 2
  pipeline=tensorized > tensorized-form=packed > packing-shape=grid > geometry=bm64 bn0 bk64: bm=64 gives 1 row block(s); a Grid split needs at least 2
  pipeline=tensorized > tensorized-form=packed > packing-shape=grid > geometry=bm64 bn0 bk256: bm=64 gives 1 row block(s); a Grid split needs at least 2
  pipeline=tensorized > tensorized-form=packed > packing-shape=grid > geometry=bm128 bn128 bk128: bm=128 gives 1 row block(s); a Grid split needs at least 2
  pipeline=tensorized > tensorized-form=packed > packing-shape=grid > geometry=bm64 bn128 bk256: bm=64 gives 1 row block(s); a Grid split needs at least 2
== gpu tight smem: 11 seeds ==
tree leaves = flat enumeration: true
-- refuted --
  pipeline=tensorized > geometry=bm16 bn32 bk32 > twin=depth2: staged operand tiles need 12288 bytes of workgroup memory at pipeline depth 2, exceeding the 6144-byte limit
  pipeline=tensorized > geometry=bm32 bn32 bk32: staged operand tiles need 8192 bytes of workgroup memory, exceeding the 6144-byte limit
  pipeline=tensorized > geometry=bm32 bn32 bk16 > twin=depth2: staged operand tiles need 8192 bytes of workgroup memory at pipeline depth 2, exceeding the 6144-byte limit
