Retrieving commandline, environment, or config file variable ocannl_log_level
Found 0, in the config file
y dims (buffer sized at the declared maximum): single prec 6
extent=6: total=6.0 (expected 6.0), y valid prefix all 1.0: true
extent=4: total=4.0 (expected 4.0), y valid prefix all 1.0: true
extent=1: total=1.0 (expected 1.0), y valid prefix all 1.0: true
extent=0: total=0.0 (expected 0.0), y valid prefix all 1.0: true
extent=7 rejected: Indexing: bound value 7 for symbolic extent i1 exceeds its declared maximum 6
