OK: 108 call-site keys, all in reference file and registry; registry and reference agree on 111 keys.
OK: 2 profile payloads, documented and quoted verbatim: reproducible (11 keys), performance (7 keys).
OK: 86 files spell every config key as a string literal, outside 6 forwarding functions: tnode.ml:get_style, utils.ml:bool_of_config_string, utils.ml:get_global_arg, utils.ml:get_global_arg_with_source, utils.ml:get_global_flag, utils.ml:resolve_config_value.
OK: scanned arrayjit/lib 47, benchmarks/runners/ocannl 8, bin 5, lib 9, tensor 14, tools 3.
