
#include <stdio.h>
#include <math.h>
#include <stdint.h>
#include <string.h>
#include <stdlib.h>

/* SIMD platform detection (gh-ocannl-164): compile-time macros for conditional SIMD code paths
   (explicit intrinsics are emitted by follow-up work; auto-vectorization needs no guards). */
#ifdef __AVX2__
  #define OCANNL_HAS_AVX2 1
  #include <immintrin.h>
#else
  #define OCANNL_HAS_AVX2 0
#endif
#ifdef __ARM_NEON
  #define OCANNL_HAS_NEON 1
  #include <arm_neon.h>
#else
  #define OCANNL_HAS_NEON 0
#endif

/* Fused elementwise FMA for explicit SIMD rendering of Vectorized loops: clang's builtin where
   available, else the codegen's per-lane fmaf/fma loop. __has_builtin needs a shim on compilers
   that lack it (function-like use of an undefined macro is a preprocessor error). */
#ifndef __has_builtin
  #define __has_builtin(x) 0
#endif
#if __has_builtin(__builtin_elementwise_fma)
  #define OCANNL_HAS_ELEMENTWISE_FMA 1
#else
  #define OCANNL_HAS_ELEMENTWISE_FMA 0
#endif

/* Parallel Grid loops (gh-ocannl-164) use libdispatch on Apple platforms; OpenMP needs no
   header. Guarded unconditionally so generated sources are byte-identical across platforms. */
#ifdef __APPLE__
  #include <dispatch/dispatch.h>
#endif

/* No longer need export macros since we're using textual prepending */

 void c_fwd(
    const char* log_file_name,
    float *restrict a,
    float *restrict b,
    float *restrict c) {
  FILE* log_file = NULL;
  if (log_file_name) {
    log_file = fopen(log_file_name, "w");
  }
  /* Debug initial parameter state. */

  if (log_file_name && log_file) fprintf(log_file, "float *restrict a &[1] = %p\n", (void*)a);
  if (log_file_name && log_file) fprintf(log_file, "float *restrict b &[1] = %p\n", (void*)b);
  if (log_file_name && log_file) fprintf(log_file, "float *restrict c &[1] = %p\n", (void*)c);
  /* Local declarations and initialization. */

  /* Main logic. */
  if (log_file_name && log_file) fprintf(log_file, "COMMENT: c fwd\n");
  {
    float new_set_v = (a[0] + b[0]);
    if (log_file_name && log_file) fprintf(log_file, "# c[0] := (a[0] + b[0]);\n");
    if (log_file_name && log_file) fprintf(log_file, "c[%u]{=%de-3} = %de-3 = (a[%u]{=%de-3} + b[%u]{=%de-3})\n",
        0,
        (int)(c[0] * 1000.0),
        (int)(new_set_v * 1000.0),
        0,
        (int)(a[0] * 1000.0),
        0,
        (int)(b[0] * 1000.0));
    fflush(log_file);
    c[0] = new_set_v;
  }
  if (log_file_name && log_file) fprintf(log_file, "COMMENT: end\n");
  if (log_file) { fclose(log_file); log_file = NULL; }

}