gelu(-3.0) ~ reference -0.003637, ok: true
gelu(-2.0) ~ reference -0.045402, ok: true
gelu(-1.0) ~ reference -0.158808, ok: true
gelu(-0.5) ~ reference -0.154286, ok: true
gelu(+0.0) ~ reference +0.000000, ok: true
gelu(+0.5) ~ reference +0.345714, ok: true
gelu(+1.0) ~ reference +0.841192, ok: true
gelu(+2.0) ~ reference +1.954598, ok: true
gelu(+3.0) ~ reference +2.996363, ok: true
