repetition_above: executed values are the reference: true
repetition_above: virtual and materialized arms agree: true
repetition above the capture: candidate rejected (stays non-virtual): true
repetition above the capture: rejected as Non_virtual 147: true
symbol_free_map: executed values are the reference: true
symbol_free_map: virtual and materialized arms agree: true
symbol-free index map: candidate rejected (stays non-virtual): true
symbol-free index map: rejected as Non_virtual 147: true
inner_reduction: executed values are the reference: true
inner_reduction: virtual and materialized arms agree: true
inner reduction: candidate still virtual: true
inner reduction: inlined (no array reads survive): true
width_one_enclosing: executed values are the reference: true
width_one_enclosing: virtual and materialized arms agree: true
width-1 enclosing loop: candidate still virtual: true
width-1 enclosing loop: inlined (no array reads survive): true
