chain: x7 stays virtual (fan-in 8, at the cap): true
chain: x8 materialized by the fan-in cap: true
chain: x9 and x10 virtual again past the reset: true
chain: x8 written once, read as a buffer downstream: true
chain: x8 reported as an Inline flip: true
chain: executed values match the reference: true
cap disabled: whole chain virtual (the pre-fix behavior): true
cap disabled: executed values agree with the capped arm: true
pipeline: x7 stays virtual: true
pipeline: x8 materialized by the fan-in cap: true
pipeline: x9 and x10 virtual again past the reset: true
pipeline, cap disabled: whole chain virtual: true
pipeline: loss matches the reference: true
pipeline: default and cap-disabled arms agree: true
