Retrieving commandline, environment, or config file variable ocannl_log_level
Found 0, in the config file
      #4 *._out
       0.00  0.00  0.00  0.00
#3 => unknown   │  #2 => unknown
<not-in-context>│  <not-in-context>
[#1 =>_sparse]  │#1 =>_sparse unknown
                │<not-in-context>
                │  #0 0...3 unknown
                │  <not-in-context>